[plasmaadonation.web.app/index.html]
[backblue.gif]
[fade.gif]
[index.html]
[plasmaadonation.web.app/Files/logo.png]
[plasmaadonation.web.app/Files/jquery.js.html]
[plasmaadonation.web.app/Files/view.css]
[plasmaadonation.web.app/Files/font-awesome.css]
[plasmaadonation.web.app/Files/responsive-slides.css]
[plasmaadonation.web.app/Files/font-face.css]
[plasmaadonation.web.app/Files/jquery.fancybox.min.css]
[plasmaadonation.web.app/Files/common.css]
[plasmaadonation.web.app/Files/editmode.css]
[plasmaadonation.web.app/Files/tarteaucitron.css]
[plasmaadonation.web.app/Files/tarteaucitron.js.html]
[plasmaadonation.web.app/Files/ct.html]
[plasmaadonation.web.app/Files/f(1).txt]
[plasmaadonation.web.app/Files/tarteaucitron(1).css]
[plasmaadonation.web.app/Files/tarteaucitron.en.js.html]
[plasmaadonation.web.app/Files/tarteaucitron.services.js.html]
[plasmaadonation.web.app/Files/logo-header.svg]
[plasmaadonation.web.app/index-2.html]
[plasmaadonation.web.app/indexhin.html]
[plasmaadonation.web.app/Files/contact us/contact.html]
[plasmaadonation.web.app/Files/plasma.html]
[plasmaadonation.web.app/Files/aftereffect.html]
[plasmaadonation.web.app/Files/yourwellbeing.html]
[plasmaadonation.web.app/Files/img-bg.svg]
[plasmaadonation.web.app/Files/volunterr.html]
[plasmaadonation.web.app/Files/donor.html]
[plasmaadonation.web.app/Files/patient.html]
[plasmaadonation.web.app/Files/pexels-liza-summer-6347727.jpg]
[plasmaadonation.web.app/Files/register.png]
[plasmaadonation.web.app/Files/pexels-anna-shvets-4167541.jpg]
[plasmaadonation.web.app/Files/match.png]
[plasmaadonation.web.app/Files/connect.png]
[plasmaadonation.web.app/Files/insights.html]
[plasmaadonation.web.app/Files/jquery.fancybox.min.js.html]
[plasmaadonation.web.app/Files/common.js.html]
[plasmaadonation.web.app/Files/edit.js.html]
[plasmaadonation.web.app/Files/view.js.html]
[plasmaadonation.web.app/Files/responsive-slides.js.html]
[plasmaadonation.web.app/index.html]
[plasmaadonation.web.app/a]
[plasmaadonation.web.app/Files/jquery.js.html]
[plasmaadonation.web.app/Files/view.css]
[plasmaadonation.web.app/css/fonts/fontawesome-webfont.eot]
[plasmaadonation.web.app/css/fonts/fontawesome-webfont.woff2]
[plasmaadonation.web.app/css/fonts/fontawesome-webfont.woff]
[plasmaadonation.web.app/css/fonts/fontawesome-webfont.ttf]
[plasmaadonation.web.app/css/fonts/fontawesome-webfont.svg]
[plasmaadonation.web.app/Files/font-awesome.css]
[plasmaadonation.web.app/images/responsive-slides/arrows.gif]
[plasmaadonation.web.app/Files/responsive-slides.css]
[plasmaadonation.web.app/Files/custom-fonts/Ducasse-Light.generated.eot]
[plasmaadonation.web.app/Files/custom-fonts/Ducasse-Light.generated.woff2]
[plasmaadonation.web.app/Files/custom-fonts/Ducasse-Light.generated.ttf]
[plasmaadonation.web.app/Files/custom-fonts/Ducasse-Light.generated.woff]
[plasmaadonation.web.app/Files/custom-fonts/Ducasse-Medium.generated.eot]
[plasmaadonation.web.app/Files/custom-fonts/Ducasse-Medium.generated.woff2]
[plasmaadonation.web.app/Files/custom-fonts/Ducasse-Medium.generated.ttf]
[plasmaadonation.web.app/Files/custom-fonts/Ducasse-Medium.generated.woff]
[plasmaadonation.web.app/Files/custom-fonts/Ducasse-Bold.generated.eot]
[plasmaadonation.web.app/Files/custom-fonts/Ducasse-Bold.generated.woff2]
[plasmaadonation.web.app/Files/custom-fonts/Ducasse-Bold.generated.ttf]
[plasmaadonation.web.app/Files/custom-fonts/Ducasse-Bold.generated.woff]
[plasmaadonation.web.app/Files/custom-fonts/DINAlternate-Bold.generated.eot]
[plasmaadonation.web.app/Files/custom-fonts/DINAlternate-Bold.generated.woff2]
[plasmaadonation.web.app/Files/custom-fonts/DINAlternate-Bold.generated.ttf]
[plasmaadonation.web.app/Files/custom-fonts/DINAlternate-Bold.generated.woff]
[plasmaadonation.web.app/Files/font-face.css]
[plasmaadonation.web.app/Files/jquery.fancybox.min.css]
[plasmaadonation.web.app/Files/fonts/icomoon/icomoon.eot]
[plasmaadonation.web.app/Files/fonts/icomoon/icomoon.ttf]
[plasmaadonation.web.app/Files/fonts/icomoon/icomoon.woff]
[plasmaadonation.web.app/Files/fonts/icomoon/icomoon.svg]
[plasmaadonation.web.app/Files/fonts/ducasse/Ducasse-Bold.generated.eot]
[plasmaadonation.web.app/Files/fonts/ducasse/Ducasse-Bold.generated.woff2]
[plasmaadonation.web.app/Files/fonts/ducasse/Ducasse-Bold.generated.ttf]
[plasmaadonation.web.app/Files/fonts/ducasse/Ducasse-Bold.generated.woff]
[plasmaadonation.web.app/Files/fonts/ducasse/Ducasse-Light.generated.eot]
[plasmaadonation.web.app/Files/fonts/ducasse/Ducasse-Light.generated.woff2]
[plasmaadonation.web.app/Files/fonts/ducasse/Ducasse-Light.generated.ttf]
[plasmaadonation.web.app/Files/fonts/ducasse/Ducasse-Light.generated.woff]
[plasmaadonation.web.app/Files/fonts/ducasse/Ducasse-Medium.generated.eot]
[plasmaadonation.web.app/Files/fonts/ducasse/Ducasse-Medium.generated.woff2]
[plasmaadonation.web.app/Files/fonts/ducasse/Ducasse-Medium.generated.ttf]
[plasmaadonation.web.app/Files/fonts/ducasse/Ducasse-Medium.generated.woff]
[plasmaadonation.web.app/Files/fonts/montserrat/Montserrat-Bold.generated.eot]
[plasmaadonation.web.app/Files/fonts/montserrat/Montserrat-Bold.generated.woff2]
[plasmaadonation.web.app/Files/fonts/montserrat/Montserrat-Bold.generated.ttf]
[plasmaadonation.web.app/Files/fonts/montserrat/Montserrat-Bold.generated.woff]
[plasmaadonation.web.app/Files/fonts/montserrat/Montserrat-Light.generated.eot]
[plasmaadonation.web.app/Files/fonts/montserrat/Montserrat-Light.generated.woff2]
[plasmaadonation.web.app/Files/fonts/montserrat/Montserrat-Light.generated.ttf]
[plasmaadonation.web.app/Files/fonts/montserrat/Montserrat-Light.generated.woff]
[plasmaadonation.web.app/Files/fonts/montserrat/Montserrat-Medium.generated.eot]
[plasmaadonation.web.app/Files/fonts/montserrat/Montserrat-Medium.generated.woff2]
[plasmaadonation.web.app/Files/fonts/montserrat/Montserrat-Medium.generated.ttf]
[plasmaadonation.web.app/Files/fonts/montserrat/Montserrat-Medium.generated.woff]
[plasmaadonation.web.app/Files/fonts/montserrat/Montserrat-Regular.generated.eot]
[plasmaadonation.web.app/Files/fonts/montserrat/Montserrat-Regular.generated.woff2]
[plasmaadonation.web.app/Files/fonts/montserrat/Montserrat-Regular.generated.ttf]
[plasmaadonation.web.app/Files/fonts/montserrat/Montserrat-Regular.generated.woff]
[plasmaadonation.web.app/Files/fonts/din/DINAlternate-Bold.generated.eot]
[plasmaadonation.web.app/Files/fonts/din/DINAlternate-Bold.generated.woff2]
[plasmaadonation.web.app/Files/fonts/din/DINAlternate-Bold.generated.ttf]
[plasmaadonation.web.app/Files/fonts/din/DINAlternate-Bold.generated.woff]
[plasmaadonation.web.app/Files/common.css]
[plasmaadonation.web.app/Files/editmode.css]
[plasmaadonation.web.app/Files/tarteaucitron.css]
[plasmaadonation.web.app/Files/' + service.uri + ']
[plasmaadonation.web.app/Files/' + url + ']
[plasmaadonation.web.app/Files/tarteaucitron.js.html]
[plasmaadonation.web.app/Files/ct.html]
[plasmaadonation.web.app/Files/tarteaucitron(1).html]
[plasmaadonation.web.app/Files/tarteaucitron.en.js.html]
[plasmaadonation.web.app/Files/' + url + '&r=' + r + '&p=' + p + '&cf0=' + cf0 + '&langue=' + langue + '&forward_affiliate=' + forward_affiliate + '&cf2=' + cf2 + '&cfsa2=' + cfsa2 + ']
[static.etracker.com/code/e.js]
[static.ferank.fr/pixel.js]
[static.ferank.fr/publicite.async.js]
[apis.google.com/js/platform.js]
[pagead2.googlesyndication.com/pagead/js/f.txt]
[www.googleadservices.com/pagead/f.txt]
[www.google-analytics.com/ga.js]
[www.google-analytics.com/analytics.js]
[assets.pinterest.com/js/pinit.js]
[dsms0mj1bbhn4.cloudfront.net/assets/pub/shareaholic.js]
[plasmaadonation.web.app/''.72.delayed]
[plasmaadonation.web.app/Files/tarteaucitron.services.js.html]
[plasmaadonation.web.app/Files/logo-header.svg]
[plasmaadonation.web.app/index-2.html]
[plasmaadonation.web.app/Files/plasmahin.html]
[plasmaadonation.web.app/Files/aftereffecthin.html]
[platform.twitter.com/widgets.js]
[plasmaadonation.web.app/indexhin.html]
[plasmaadonation.web.app/Files/yourwellbeinghin.html]
[plasmaadonation.web.app/Files/contact us/contact.css]
[plasmaadonation.web.app/Files/contact us/location.png]
[plasmaadonation.web.app/Files/contact us/mail.png]
[plasmaadonation.web.app/Files/contact us/call.png]
[plasmaadonation.web.app/Files/contact us/1.png]
[plasmaadonation.web.app/Files/contact us/2.png]
[plasmaadonation.web.app/Files/contact us/3.png]
[plasmaadonation.web.app/Files/contact us/4.png]
[plasmaadonation.web.app/Files/contact us/5.png]
[www.gstatic.com/firebasejs/8.7.1/firebase-app.js]
[www.gstatic.com/firebasejs/8.7.1/firebase-database.js]
[www.gstatic.com/firebasejs/8.7.1/firebase-auth.js]
[platform.linkedin.com/in.js]
[www.gstatic.com/firebasejs/8.7.1/firebase-analytics.js]
[www.gstatic.com/firebasejs/8.7.1/firebase-firestore.js]
[plasmaadonation.web.app/Files/contact us/app3.js]
[plasmaadonation.web.app/Files/contact us/contact.html]
[plasmaadonation.web.app/Files/Dhoondh - What is Covid-19_files/css]
[plasmaadonation.web.app/Files/Dhoondh - What is Covid-19_files/bootstrap.min.css]
[plasmaadonation.web.app/Files/Dhoondh - What is Covid-19_files/font-awesome.min.css]
[plasmaadonation.web.app/Files/Dhoondh - What is Covid-19_files/animate.min.css]
[plasmaadonation.web.app/Files/Dhoondh - What is Covid-19_files/style.css]
[plasmaadonation.web.app/Files/Dhoondh - What is Covid-19_files/f(3).txt]
[plasmaadonation.web.app/Files/Dhoondh - What is Covid-19_files/f(4).txt]
[plasmaadonation.web.app/Files/plasma.html]
[plasmaadonation.web.app/Files/index.html]
[plasmaadonation.web.app/Files/aftereffect.html]
[plasmaadonation.web.app/Files/yourwellbeing.html]
[plasmaadonation.web.app/Files/img-bg.svg]
[plasmaadonation.web.app/Files/vol.jpg]
[plasmaadonation.web.app/Files/que.png]
[plasmaadonation.web.app/Files/e7.png]
[plasmaadonation.web.app/Files/e2.svg]
[plasmaadonation.web.app/Files/e3.png]
[plasmaadonation.web.app/Files/e4.jpg]
[plasmaadonation.web.app/Files/p11.jpg]
[plasmaadonation.web.app/Files/p12.jpg]
[plasmaadonation.web.app/Files/vollogin.html]
[plasmaadonation.web.app/Files/volunterr.html]
[plasmaadonation.web.app/Files/stylee.css]
[cdnjs.cloudflare.com/ajax/libs/font-awesome/4.7.0/css/font-awesome.min.css]
[www.gstatic.com/firebasejs/8.6.3/firebase-app.js]
[plasmaadonation.web.app/Files/pexels-anna-shvets-3786215.jpg]
[www.gstatic.com/firebasejs/8.6.3/firebase-database.js]
[www.gstatic.com/firebasejs/8.6.5/firebase-auth.js]
[www.gstatic.com/firebasejs/8.6.3/firebase-analytics.js]
[plasmaadonation.web.app/Files/app1.js]
[plasmaadonation.web.app/Files/donor.html]
[plasmaadonation.web.app/Files/style.css]
[plasmaadonation.web.app/Files/app.js]
[plasmaadonation.web.app/Files/patient.html]
[plasmaadonation.web.app/Files/Dhoondh - Data Insights_files/css.html]
[plasmaadonation.web.app/Files/pexels-anna-shvets-3786154.jpg]
[plasmaadonation.web.app/Files/Dhoondh - Data Insights_files/bootstrap.min.css]
[plasmaadonation.web.app/Files/Dhoondh - Data Insights_files/font-awesome.min.css]
[plasmaadonation.web.app/Files/Dhoondh - Data Insights_files/animate.min.css]
[plasmaadonation.web.app/Files/Dhoondh - Data Insights_files/style.css]
[plasmaadonation.web.app/Files/Dhoondh - Data Insights_files/blue.css]
[plasmaadonation.web.app/Files/Dhoondh - Data Insights_files/jquery-1.11.2.min.js.html]
[plasmaadonation.web.app/Files/Dhoondh - Data Insights_files/script.js.html]
[plasmaadonation.web.app/Files/Dhoondh - Data Insights_files/Chart.min.js.html]
[plasmaadonation.web.app/Files/Dhoondh - Data Insights_files/handlebars.js.html]
[plasmaadonation.web.app/Files/Dhoondh - Data Insights_files/bootstrap.min.js.html]
[plasmaadonation.web.app/Files/Dhoondh - Data Insights_files/respimage.min.js.html]
[plasmaadonation.web.app/Files/Dhoondh - Data Insights_files/smoothscroll.min.js.html]
[plasmaadonation.web.app/Files/Dhoondh - Data Insights_files/jquery.inview.min.js.html]
[plasmaadonation.web.app/Files/Dhoondh - Data Insights_files/jquery.counterup.min.js.html]
[plasmaadonation.web.app/Files/Dhoondh - Data Insights_files/jquery.stellar.min.js.html]
[plasmaadonation.web.app/Files/Dhoondh - Data Insights_files/responsiveslides.min.js.html]
[plasmaadonation.web.app/Files/Dhoondh - Data Insights_files/slick.min.js.html]
[plasmaadonation.web.app/Files/Dhoondh - Data Insights_files/beacon.min.js.html]
[plasmaadonation.web.app/Files/insights.html]
[plasmaadonation.web.app/Files/{{poster}}]
[plasmaadonation.web.app/Files/{{src}}]
[plasmaadonation.web.app/Files/+t+]
[plasmaadonation.web.app/Files/jquery.fancybox.min.js.html]
[plasmaadonation.web.app/Files/==t___srcset_===t)d26a]
[www.google.com/recaptcha/api85f1.js]
[plasmaadonation.web.app/Files/common.js.html]
[plasmaadonation.web.app/Files/edit.js.html]
[plasmaadonation.web.app/Files/view.js.html]
[plasmaadonation.web.app/Files/responsive-slides.js.html]
[plasmaadonation.web.app/a.html]
[plasmaadonation.web.app/css/fonts/fontawesome-webfont.html]
[plasmaadonation.web.app/css/fonts/fontawesome-webfont-2.html]
[plasmaadonation.web.app/css/fonts/fontawesome-webfont-3.html]
[plasmaadonation.web.app/css/fonts/fontawesome-webfont-4.html]
[plasmaadonation.web.app/css/fonts/fontawesome-webfont-5.html]
[plasmaadonation.web.app/images/responsive-slides/arrows.html]
[plasmaadonation.web.app/Files/custom-fonts/Ducasse-Light.generated.html]
[plasmaadonation.web.app/Files/custom-fonts/Ducasse-Light.generated-2.html]
[plasmaadonation.web.app/Files/custom-fonts/Ducasse-Light.generated-3.html]
[plasmaadonation.web.app/Files/custom-fonts/Ducasse-Light.generated-4.html]
[plasmaadonation.web.app/Files/custom-fonts/Ducasse-Medium.generated.html]
[plasmaadonation.web.app/Files/custom-fonts/Ducasse-Medium.generated-2.html]
[plasmaadonation.web.app/Files/custom-fonts/Ducasse-Medium.generated-3.html]
[plasmaadonation.web.app/Files/custom-fonts/Ducasse-Medium.generated-4.html]
[plasmaadonation.web.app/Files/custom-fonts/Ducasse-Bold.generated.html]
[plasmaadonation.web.app/Files/custom-fonts/Ducasse-Bold.generated-2.html]
[plasmaadonation.web.app/Files/custom-fonts/Ducasse-Bold.generated-3.html]
[plasmaadonation.web.app/Files/custom-fonts/Ducasse-Bold.generated-4.html]
[plasmaadonation.web.app/Files/custom-fonts/DINAlternate-Bold.generated.html]
[plasmaadonation.web.app/Files/custom-fonts/DINAlternate-Bold.generated-2.html]
[plasmaadonation.web.app/Files/custom-fonts/DINAlternate-Bold.generated-3.html]
[plasmaadonation.web.app/Files/custom-fonts/DINAlternate-Bold.generated-4.html]
[plasmaadonation.web.app/Files/fonts/icomoon/icomoon.html]
[plasmaadonation.web.app/Files/fonts/icomoon/icomoon-2.html]
[plasmaadonation.web.app/Files/fonts/icomoon/icomoon-3.html]
[plasmaadonation.web.app/Files/fonts/icomoon/icomoon-4.html]
[plasmaadonation.web.app/Files/fonts/ducasse/Ducasse-Bold.generated.html]
[plasmaadonation.web.app/Files/fonts/ducasse/Ducasse-Bold.generated-2.html]
[plasmaadonation.web.app/Files/fonts/ducasse/Ducasse-Bold.generated-3.html]
[plasmaadonation.web.app/Files/fonts/ducasse/Ducasse-Bold.generated-4.html]
[plasmaadonation.web.app/Files/fonts/ducasse/Ducasse-Light.generated.html]
[plasmaadonation.web.app/Files/fonts/ducasse/Ducasse-Light.generated-2.html]
[plasmaadonation.web.app/Files/fonts/ducasse/Ducasse-Light.generated-3.html]
[plasmaadonation.web.app/Files/fonts/ducasse/Ducasse-Light.generated-4.html]
[plasmaadonation.web.app/Files/fonts/ducasse/Ducasse-Medium.generated.html]
[plasmaadonation.web.app/Files/fonts/ducasse/Ducasse-Medium.generated-2.html]
[plasmaadonation.web.app/Files/fonts/ducasse/Ducasse-Medium.generated-3.html]
[plasmaadonation.web.app/Files/fonts/ducasse/Ducasse-Medium.generated-4.html]
[plasmaadonation.web.app/Files/fonts/montserrat/Montserrat-Bold.generated.html]
[plasmaadonation.web.app/Files/fonts/montserrat/Montserrat-Bold.generated-2.html]
[plasmaadonation.web.app/Files/fonts/montserrat/Montserrat-Bold.generated-3.html]
[plasmaadonation.web.app/Files/fonts/montserrat/Montserrat-Bold.generated-4.html]
[plasmaadonation.web.app/Files/fonts/montserrat/Montserrat-Light.generated.html]
[plasmaadonation.web.app/Files/fonts/montserrat/Montserrat-Light.generated-2.html]
[plasmaadonation.web.app/Files/fonts/montserrat/Montserrat-Light.generated-3.html]
[plasmaadonation.web.app/Files/fonts/montserrat/Montserrat-Light.generated-4.html]
[plasmaadonation.web.app/Files/fonts/montserrat/Montserrat-Medium.generated.html]
[plasmaadonation.web.app/Files/fonts/montserrat/Montserrat-Medium.generated-2.html]
[plasmaadonation.web.app/Files/fonts/montserrat/Montserrat-Medium.generated-3.html]
[plasmaadonation.web.app/Files/fonts/montserrat/Montserrat-Medium.generated-4.html]
[plasmaadonation.web.app/Files/fonts/montserrat/Montserrat-Regular.generated.html]
[plasmaadonation.web.app/Files/fonts/montserrat/Montserrat-Regular.generated-2.html]
[plasmaadonation.web.app/Files/fonts/montserrat/Montserrat-Regular.generated-3.html]
[plasmaadonation.web.app/Files/fonts/montserrat/Montserrat-Regular.generated-4.html]
[plasmaadonation.web.app/Files/fonts/din/DINAlternate-Bold.generated.html]
[plasmaadonation.web.app/Files/fonts/din/DINAlternate-Bold.generated-2.html]
[plasmaadonation.web.app/Files/fonts/din/DINAlternate-Bold.generated-3.html]
[plasmaadonation.web.app/Files/fonts/din/DINAlternate-Bold.generated-4.html]
[plasmaadonation.web.app/Files/' + service.html]
[plasmaadonation.web.app/Files/' + url + '.html]
[plasmaadonation.web.app/Files/' + url + '&r=' + r + '&p=' + p + '&cf0=' + cf0 + '&langue=' + langue + '&forward_affiliate=' + forward_affiliate + '&cf2=' + cf2 + '&cfsa2=' + cfsa2 + '.html]
[plasmaadonation.web.app/js/jquery-3.6.0.min.js]
[plasmaadonation.web.app/Files/_et_cookie_upgrade_url]
[plasmaadonation.web.app/Files/GET]
[plasmaadonation.web.app/index.php/bto/diagnose/indexd41d.html]
[plasmaadonation.web.app/index.php/bto/d/indexd41d.html]
[plasmaadonation.web.app/Files/POST.bd.delayed]
[plasmaadonation.web.app/Files/c.href]
[plasmaadonation.web.app/Files/e]
[plasmaadonation.web.app/ed41d.js]
[static.etracker.com/code/e.js]
[cse.google.com/cse/cse07b6.html]
[www.googletagmanager.com/gtm5445.html]
[plasmaadonation.web.app/''.html]
[plasmaadonation.web.app/Files/plasmahin.html]
[plasmaadonation.web.app/Files/aftereffecthin.html]
[plasmaadonation.web.app/Files/yourwellbeinghin.html]
[plasmaadonation.web.app/Files/contact us/contact.css]
[plasmaadonation.web.app/Files/Dhoondh - What is Covid-19_files/css.html]
[plasmaadonation.web.app/Files/fonts/glyphicons-halflings-regular.eot]
[plasmaadonation.web.app/Files/fonts/glyphicons-halflings-regulard41d.eot]
[plasmaadonation.web.app/Files/fonts/glyphicons-halflings-regular.woff2]
[plasmaadonation.web.app/Files/fonts/glyphicons-halflings-regular.woff]
[plasmaadonation.web.app/Files/fonts/glyphicons-halflings-regular.ttf]
[plasmaadonation.web.app/Files/fonts/glyphicons-halflings-regular.svg]
[plasmaadonation.web.app/Files/Dhoondh - What is Covid-19_files/bootstrap.min.css]
[plasmaadonation.web.app/Files/fonts/fontawesome-webfonte0a5.eot]
[plasmaadonation.web.app/Files/fonts/fontawesome-webfontd41d.eot]
[plasmaadonation.web.app/Files/fonts/fontawesome-webfonte0a5.woff2]
[plasmaadonation.web.app/Files/fonts/fontawesome-webfonte0a5.woff]
[plasmaadonation.web.app/Files/fonts/fontawesome-webfonte0a5.ttf]
[plasmaadonation.web.app/Files/fonts/fontawesome-webfonte0a5.svg]
[plasmaadonation.web.app/Files/Dhoondh - What is Covid-19_files/font-awesome.min.css]
[plasmaadonation.web.app/Files/Dhoondh - What is Covid-19_files/animate.min.css]
[plasmaadonation.web.app/Files/Dhoondh - What is Covid-19_files/style.css]
[plasmaadonation.web.app/Files/Dhoondh - What is Covid-19_files/f(3).html]
[plasmaadonation.web.app/Files/Dhoondh - What is Covid-19_files/f(4).html]
[plasmaadonation.web.app/Files/index.html]
[plasmaadonation.web.app/Files/vol.html]
[plasmaadonation.web.app/Files/e2.html]
[plasmaadonation.web.app/Files/vollogin.html]
[plasmaadonation.web.app/Files/stylee.css]
[cdnjs.cloudflare.com/ajax/libs/font-awesome/4.7.0/css/font-awesome.min.css]
[plasmaadonation.web.app/Files/style.css]
[plasmaadonation.web.app/Files/Dhoondh - Data Insights_files/css.html]
[plasmaadonation.web.app/Files/Dhoondh - Data Insights_files/bootstrap.min.css]
[plasmaadonation.web.app/Files/Dhoondh - Data Insights_files/font-awesome.min.css]
[plasmaadonation.web.app/Files/Dhoondh - Data Insights_files/animate.min.css]
[plasmaadonation.web.app/Files/Dhoondh - Data Insights_files/style.css]
[plasmaadonation.web.app/Files/Dhoondh - Data Insights_files/blue.css]
[plasmaadonation.web.app/Files/Dhoondh - Data Insights_files/jquery-1.11.2.min.js.html]
[plasmaadonation.web.app/Files/image.jpg]
[plasmaadonation.web.app/Files/Dhoondh - Data Insights_files/window.location.href;]
[plasmaadonation.web.app/Files/Dhoondh - Data Insights_files/script.js.html]
[plasmaadonation.web.app/Files/Dhoondh - Data Insights_files/==c___auto_===c&&_series_===f5574]
[plasmaadonation.web.app/Files/Dhoondh - Data Insights_files/Chart.min.js.html]
[plasmaadonation.web.app/Files/Dhoondh - Data Insights_files/options.data;]
[plasmaadonation.web.app/Files/Dhoondh - Data Insights_files/_utils.createFrame(options.data);]
[plasmaadonation.web.app/Files/Dhoondh - Data Insights_files/initData(context,]
[plasmaadonation.web.app/Files/Dhoondh - Data Insights_files/data]
[plasmaadonation.web.app/Files/Dhoondh - Data Insights_files/handlebars.js.html]
[plasmaadonation.web.app/Files/Dhoondh - Data Insights_files/bootstrap.min.js.html]
[plasmaadonation.web.app/Files/Dhoondh - Data Insights_files/respimage.min.js.html]
[plasmaadonation.web.app/Files/Dhoondh - Data Insights_files/smoothscroll.min.js.html]
[plasmaadonation.web.app/Files/Dhoondh - Data Insights_files/jquery.inview.min.js.html]
[plasmaadonation.web.app/Files/Dhoondh - Data Insights_files/jquery.counterup.min.js.html]
[plasmaadonation.web.app/Files/Dhoondh - Data Insights_files/jquery.stellar.min.js.html]
[plasmaadonation.web.app/Files/Dhoondh - Data Insights_files/responsiveslides.min.js.html]
[plasmaadonation.web.app/Files/Dhoondh - Data Insights_files/slick.min.js.html]
[plasmaadonation.web.app/Files/Dhoondh - Data Insights_files/beacon.min.js.html]
[plasmaadonation.web.app/Files/{{poster}}.html]
[plasmaadonation.web.app/Files/{{src}}.html]
[plasmaadonation.web.app/Files/+t+.html]
[plasmaadonation.web.app/Files/==t___srcset_===t)d26a.html]
[plasmaadonation.web.app/js/jquery-3.6.0.min.html]
[plasmaadonation.web.app/index.php/bto/d/indexd41d.html]
[plasmaadonation.web.app/index.php/bto/diagnose/indexd41d.html]
[plasmaadonation.web.app/Files/_et_cookie_upgrade_url.html]
[plasmaadonation.web.app/Files/GET.html]
[plasmaadonation.web.app/Files/POST.html]
[plasmaadonation.web.app/Files/c.html]
[plasmaadonation.web.app/Files/e.html]
[plasmaadonation.web.app/ed41d.html]
[plasmaadonation.web.app/Files/fonts/glyphicons-halflings-regular.html]
[plasmaadonation.web.app/Files/fonts/glyphicons-halflings-regulard41d.html]
[plasmaadonation.web.app/Files/fonts/glyphicons-halflings-regular-2.html]
[plasmaadonation.web.app/Files/fonts/glyphicons-halflings-regular-3.html]
[plasmaadonation.web.app/Files/fonts/glyphicons-halflings-regular-4.html]
[plasmaadonation.web.app/Files/fonts/glyphicons-halflings-regular-5.html]
[plasmaadonation.web.app/Files/fonts/fontawesome-webfonte0a5.html]
[plasmaadonation.web.app/Files/fonts/fontawesome-webfontd41d.html]
[plasmaadonation.web.app/Files/fonts/fontawesome-webfonte0a5-2.html]
[plasmaadonation.web.app/Files/fonts/fontawesome-webfonte0a5-3.html]
[plasmaadonation.web.app/Files/fonts/fontawesome-webfonte0a5-4.html]
[plasmaadonation.web.app/Files/fonts/fontawesome-webfonte0a5-5.html]
[plasmaadonation.web.app/Files/Dhoondh - Data Insights_files/window.location.html]
[plasmaadonation.web.app/Files/Dhoondh - Data Insights_files/==c___auto_===c&&_series_===f5574.html]
[plasmaadonation.web.app/Files/Dhoondh - Data Insights_files/options.html]
[plasmaadonation.web.app/Files/Dhoondh - Data Insights_files/_utils.createFrame(options.html]
[plasmaadonation.web.app/Files/Dhoondh - Data Insights_files/initData(context,.html]
[plasmaadonation.web.app/Files/Dhoondh - Data Insights_files/data.html]
